<?xml version="1.0" encoding="UTF-8"?>
<testsuites name="jest tests" tests="3" failures="0" errors="0" time="1.434">
  <testsuite name="API Health Check" errors="0" failures="0" skipped="0" timestamp="2026-05-30T17:06:25" time="1.326" tests="3">
    <testcase classname="API Health Check GET /api/health debe responder con status ok" name="API Health Check GET /api/health debe responder con status ok" time="0.08">
    </testcase>
    <testcase classname="Rutas no encontradas GET /ruta/inexistente debe responder con 404" name="Rutas no encontradas GET /ruta/inexistente debe responder con 404" time="0.008">
    </testcase>
    <testcase classname="API responde JSON GET /api/health debe devolver content-type JSON" name="API responde JSON GET /api/health debe devolver content-type JSON" time="0.011">
    </testcase>
  </testsuite>
</testsuites>